// Jest Snapshot v1, https://goo.gl/fbAQLP

exports[`DataTable renders without errors 1`] = `
<div
  class="makeStyles-tableWrapper-4"
>
  <table
    class="MuiTable-root makeStyles-table-1"
  >
    <thead
      class="MuiTableHead-root"
    >
      <tr
        class="MuiTableRow-root MuiTableRow-head"
      >
        <th
          class="MuiTableCell-root MuiTableCell-head"
          scope="col"
        >
          Prop 1
        </th>
        <th
          class="MuiTableCell-root MuiTableCell-head"
          scope="col"
        >
          Prop 2
        </th>
      </tr>
    </thead>
    <tbody
      class="MuiTableBody-root"
    >
      <tr
        class="MuiTableRow-root"
      >
        <td
          class="MuiTableCell-root MuiTableCell-body"
        >
          test prop 1a
        </td>
        <td
          class="MuiTableCell-root MuiTableCell-body"
        >
          test prop 2a
        </td>
      </tr>
      <tr
        class="MuiTableRow-root"
      >
        <td
          class="MuiTableCell-root MuiTableCell-body"
        >
          test prop 1b
        </td>
        <td
          class="MuiTableCell-root MuiTableCell-body"
        >
          test prop 2b
        </td>
      </tr>
      <tr
        class="MuiTableRow-root"
      >
        <td
          class="MuiTableCell-root MuiTableCell-body"
        >
          test prop 1c
        </td>
        <td
          class="MuiTableCell-root MuiTableCell-body"
        >
          test prop 2c
        </td>
      </tr>
    </tbody>
  </table>
</div>
`;
